# check-reuse baseline for ps1 -- what was already duplicated when the gate
# went in. One line per accepted finding. SHRINKING this file is the job;
# growing it needs a reason in the PR that grows it.
block 185f5b8064b318b9  # 10 identical lines: $left = $null
block 6a1f26bc71ca3a91  # 10 identical lines: $out.Lit = [int]$s.Groups[13].Value
block 493233987f3e9337  # 10 identical lines: $runArgs = @{ Mode = 'fanout'; InjectWindowedHelper = 'WMode'; GameDir
block 60934a9b931539fd  # 10 identical lines: $x1 = ($Units | Measure-Object X -Minimum).Minimum - $w.Screen.Left - 
block edac1afdc714b99d  # 10 identical lines: & (Join-Path $scriptDir 'run-with-plugin.ps1') `
block 2ab27964e2784fc3  # 10 identical lines: (@($log | Select-String -Pattern 'HOOK btnTrainCondition: installed at
block b777f11ac58d039f  # 10 identical lines: -BuildingGroups 1 -ProdQueue 0 -ProdFan $prodFan -QueueIndicator 1 `
block d6d7483a6cef3d58  # 10 identical lines: -Mode fanout -Circles 0 -HudRow 0 -InjectWindowedHelper WMode `
block 0a976666a94149af  # 10 identical lines: -Mode hooktest -LogCommands 1 -Circles 0 -HudRow 0 -WorldScan 1 `
block a34791d9899cced8  # 10 identical lines: BuildUnit = $m.Groups[10].Value
block 891f5ecc37b63654  # 10 identical lines: Ink = [int]$m.Groups['ink'].Value; RefInk = [int]$m.Groups['refInk'].V
block e74420f2481169ba  # 10 identical lines: OutputPath = $mapPath
block d7291935ce6742e8  # 10 identical lines: Shot 'in-game'
block 40b8b0635d39b609  # 10 identical lines: [int]$Margin = 24,
block 6deb856215498027  # 10 identical lines: [string]$DecoyFolder = '00-t000',
block 21ca26717b484832  # 10 identical lines: [switch]$Stage2,
block 6ef9e11470f47cc1  # 10 identical lines: }
block 4dbc4c71c4f46247  # 11 identical lines: $CC_TYPE    = 106         # units.dat 106, richchk UnitId 'Terran Comm
block cb37a6e3fa9f0ff7  # 11 identical lines: $deadline = (Get-Date).AddSeconds($TimeoutSec)
block 38ec9e9705b586cf  # 11 identical lines: $left = if ($gamePid -gt 0) { Get-Process -Id $gamePid -ErrorAction Si
block aec20d0962258943  # 11 identical lines: $out.TrackedCount = [int]$s.Groups[1].Value
block caf302d4b459b7d3  # 11 identical lines: -InjectWindowedHelper WMode -NoLaunchLock -BuildDir $BuildDir `
block 0ceea2fcdad5257c  # 11 identical lines: -Mode hooktest -LogCommands 1 -Circles 0 -HudRow 0 -WorldScan 1 `
block 3d65b497aab11cad  # 11 identical lines: -UnitCount 1 -UnitType engineering-bay -Player 0 -ClearPlayerUnits `
block 8df9faf95de074ff  # 11 identical lines: Assert-That 'at least one command id passed through untouched' ($passe
block ff5a7b67230d4c8c  # 11 identical lines: Step "generate the fixture: two Nexuses + one Command Center, $Startin
block 0e0dff1611246d04  # 11 identical lines: [Parameter(Mandatory)][int]$Seed,
block fdbafa35bdba49a3  # 11 identical lines: if (Test-Path -LiteralPath $markerPath) { Remove-Item -LiteralPath $ma
block f29a0e1cc559591e  # 11 identical lines: }
block 413d8a59fead6c3c  # 12 identical lines: $result = [ordered]@{ Mode = $Mode; LogPath = $logPath; Pid = $gamePid
block d416a6a1175e04e5  # 12 identical lines: -OutputPath $mapPath 2>&1
block c1ccda285f827329  # 12 identical lines: Dump = $null; W = 0; H = 0; Reads = 0; Stable = 0; Refused = $null }
block 540aabb0973929c1  # 12 identical lines: Enter-ScCustomGame -Hwnd $hwnd -LogPath $LogPath -Fixtures $fixtures -
block 1581c90baa7f140e  # 12 identical lines: Send-ScDrag -Hwnd $hwnd -X1 10 -Y1 10 -X2 630 -Y2 340 -Steps 20
block b74ad40dc6360b74  # 12 identical lines: }
block 5cf01b94c8a07313  # 13 identical lines: $hookLines = @(Wait-ScLogMatch -LogPath $LogPath -Pattern 'HOOK (\S+):
block f27e43aeeca177a4  # 13 identical lines: $out.Rows += [pscustomobject]@{
block 6fd0b155909ecf6d  # 13 identical lines: Overflow = [int]$t.Groups[6].Value
block 71e92584fbdb6327  # 13 identical lines: [int]$Clicks = 8,
block 1e0f88d016df4c54  # 13 identical lines: return list;
block 6a7e15c8852c7443  # 13 identical lines: }
block ae1e8575428b4393  # 14 identical lines: -InjectWindowedHelper WMode -NoLaunchLock `
block 48279fdac50e3588  # 14 identical lines: -Mode fanout -Circles 0 -HudRow 0 -InjectWindowedHelper WMode `
block 7a9fe9d607a0cf62  # 14 identical lines: -ProdQueue 1 -ProdQueueMax 16 -QueueIndicator 1 `
block d38ee322ac2953e4  # 14 identical lines: New-Item -ItemType Directory -Path (Split-Path $LogPath -Parent) -Forc
block 9e6e0a70278e8f11  # 14 identical lines: [string]$DecoyFolder = '00-t000',
block 5a2cc47aa779b3a3  # 14 identical lines: [switch]$Stage2,
block 4754b8eae487ab70  # 14 identical lines: }
block 9d599aabf8f26ff1  # 15 identical lines: function Get-QInd {
block bb5c40339097b1bc  # 15 identical lines: if (-not $m.Success) { throw "probe: unparseable QIND line: $($Hit.Lin
block 3080635399d2b21f  # 15 identical lines: if (Test-Path -LiteralPath $LogPath) { Remove-Item -LiteralPath $LogPa
block 1cebd70f54fde23a  # 16 identical lines: Get-ScCardState -LogPath $LogPath -Tag $Tag -MarkerPath $markerPath -T
block aa3132aefd9bcbcb  # 16 identical lines: }
block 09d4565b14fd0de2  # 17 identical lines: Write-Host ''
block ca78403f0bac17cb  # 18 identical lines: [int]$IdleSeconds = 120,
block 67e146a5fe0ac3e0  # 18 identical lines: function ConvertFrom-QIndLine {
block beac9646227126ca  # 18 identical lines: if (Test-Path -LiteralPath $LogPath) { Remove-Item -LiteralPath $LogPa
block c2df6b37c8be8b84  # 18 identical lines: }
block bfdb776db09e0b6e  # 19 identical lines: ,@($Card.Slots | Where-Object { $_.HasButton -and ($_.Action -eq $UPGR
block c97c95db695e4018  # 19 identical lines: Indicator = $m.Groups[6].Value
block 9780f9427db18299  # 19 identical lines: }
block c1d652d64daa8d9e  # 20 identical lines: $arms = @{}
block c3e7b23fe46ee3fe  # 20 identical lines: }
block 52503702ad8a40b8  # 22 identical lines: Save-ScWindowImage -Hwnd $script:hwnd -Path (Join-Path $ShotDir ("{0}-
block 398f2dc63e9bf072  # 22 identical lines: catch { Write-ScStepFailure $_ 'a probe step' }
block 56537e5f38f45dfa  # 22 identical lines: }
block 7b5abcea445cd564  # 23 identical lines: }
block 981f55cb367d2653  # 24 identical lines: -Mode fanout -Circles 1 -HudRow 0 -WorldScan 1 -BuildingGroups $groups
block 9c18282aa4336681  # 25 identical lines: }
block ad3071a57187aa5a  # 28 identical lines: }
block ac43f769c8a0f70e  # 31 identical lines: }
block 4d3ebc7ee82a5a9b  # 6 identical lines: $UPGRADE_CMD = '0x32'
block f6e173e26764f1e3  # 6 identical lines: $gamePid = 0
block 2eee37c6206a06f6  # 6 identical lines: $mapPath = Join-Path $FixtureDir $mapName
block 04ee2c337f8a168b  # 6 identical lines: $mapPath = Join-Path $mapDir $mapName
block 3a5236b83fface80  # 6 identical lines: $mark = Get-ScLogLineCount -LogPath $LogPath
block 6a46de056a173881  # 6 identical lines: $markerPath = Join-Path (Split-Path $LogPath -Parent) 'marker.txt'
block d64874ceb88c457e  # 6 identical lines: $out.Card = [pscustomobject]@{
block 62456dbd3dc12ab4  # 6 identical lines: $script:ccs = $ccs
block 74bc9477b8ae5ad4  # 6 identical lines: $script:qindSeq++
block 9d98507683956a95  # 6 identical lines: ($ids -notcontains '0x13')
block 198e08b2579f919b  # 6 identical lines: (@($decoy | Select-String -Pattern 'as the LAST chunk').Count -gt 0)
block 4a000fb4f542078e  # 6 identical lines: (@($gen | Select-String -Pattern 'no force randomises start locations'
block 9d9ed32b83533cd4  # 6 identical lines: (@($log | Select-String -Pattern 'HOOK btnTrainCondition: installed at
block b6ab670414c9a64d  # 6 identical lines: (@(Get-Content -LiteralPath $LogPath | Select-String -Pattern 'PRODQ: 
block ef9c759f02100b66  # 6 identical lines: )
block 303efd8baff646a7  # 6 identical lines: -Mode observe -WorldScan 1 -InjectWindowedHelper WMode -NoLaunchLock `
block 1cac0f57722180dd  # 6 identical lines: Assert-ScStockArm -PluginLogPath $f.LogPath -StockLogPath $o.LogPath
block e6eda80a9bcad183  # 6 identical lines: Assert-That "and owns nothing else ($($mine.Count) unit(s) total)" ($m
block 98b0aff3eb91cbff  # 6 identical lines: Assert-That "every placed unit was commanded ($u of $UnitCount)" ($u -
block f928de81dd39e01e  # 6 identical lines: Assert-That 'the game process this probe started is gone' ($KeepOpen -
block eac885b72963b609  # 6 identical lines: Index  = [int]$m.Groups[2].Value
block a23d8ee7882de8db  # 6 identical lines: Send-ScDrag -Hwnd $script:hwnd -X1 $x1 -Y1 $y1 -X2 $x2 -Y2 $y2 -Steps 
block a9fa24ff1de21804  # 6 identical lines: Set-ScMarker -MarkerPath $markerPath -Label $label
block 11392f0b7da1c73b  # 6 identical lines: Step "the map spawned exactly the $UnitCount placed Lurkers, and nothi
block 80f7800b1a82019e  # 6 identical lines: Step 'a drag box captures more units than the engine can hold' {
block 4c8c7489ff934fa2  # 6 identical lines: [CmdletBinding()]
block cb0e5c4e33821057  # 6 identical lines: [string]$BuildDir,
block fa8b1ea2c949b4d6  # 6 identical lines: catch { Write-Host "  FAIL close-game failed for arm '$Mode': $($_.Exc
block 43a3fa1bcd264b0b  # 6 identical lines: if ($d.Count) { "$($d[0].Left),$($d[0].Top),$($d[0].Right),$($d[0].Bot
block 5c54564a788f9fca  # 6 identical lines: public static class Enum {
block 53cd00724a2229b7  # 6 identical lines: }
block f15728abded2bad9  # 7 identical lines: $gen = & (Join-Path $repoRoot 'tools/make-test-map.ps1') @genArgs 2>&1
block 9bb5f1c26a9c0ba8  # 7 identical lines: $left = if ($gamePid -gt 0) { Get-Process -Id $gamePid -ErrorAction Si
block 11b6f73015c314ef  # 7 identical lines: $mapPath = Join-Path $mapDir $mapName
block 503120ee01e08f3f  # 7 identical lines: $out.Visible = [int]$s.Groups[3].Value
block 9974bbc809d520f4  # 7 identical lines: $pt = Get-ScCardSlotPoint -Card $script:idleCard -Slot $script:upgB.In
block ab6ba48cc5a1a0b7  # 7 identical lines: $r = @{ Tag = $Tag; Layers = @(); Bitmap = $null; Viewport = $null; Li
block 6cfd4cb825be1e54  # 7 identical lines: $seam = @()
block e22c71a46f856a95  # 7 identical lines: -Mode observe -WorldScan 1 -InjectWindowedHelper WMode -NoLaunchLock `
block 007390454501f8cd  # 7 identical lines: Assert-That "the key emitted $BURROW_CMD" `
block 2467dd70a37d0828  # 7 identical lines: Assert-That 'nothing can end the game on its own (TRIG is empty)' `
block 1a65fb829e0726a9  # 7 identical lines: Step 'POSITIVE CONTROL: click ONE building and press Train once' {
block e210e83b55739fac  # 7 identical lines: [int]$OrderDelaySec = 0,
block 1b184722e7f458ab  # 7 identical lines: [string]$DecoyFolder = '00-t000',
block 1a15b3f159e40979  # 7 identical lines: if (-not $gamePid) { throw "no game pid for arm $Index" }
block 670c1e8295456468  # 7 identical lines: if (-not ('ScDrive.Native' -as [type])) {
block d855bbf7108e7e29  # 7 identical lines: if (-not ('ScSpawn.Native' -as [type])) {
block cd35980922b59abd  # 7 identical lines: if (Test-Path -LiteralPath $LogPath) { Remove-Item -LiteralPath $LogPa
block 550d28aabe41bf58  # 7 identical lines: }
block d075c8279b76a103  # 8 identical lines: $left = if ($gamePid -gt 0) { Get-Process -Id $gamePid -ErrorAction Si
block e3d6e0d917d7973e  # 8 identical lines: $mapPath = Join-Path $mapDir $mapName
block 2f958e0e081ae6dc  # 8 identical lines: $p = Get-ScMinimapPoint -MapTilesW $MapW -MapTilesH $MapH -TileX $Tile
block 8b08bf454957df1d  # 8 identical lines: $y2 = ($Units | Measure-Object Y -Maximum).Maximum - $w.Screen.Top  + 
block cdadfd116a0ced96  # 8 identical lines: ([int]$m.Groups[1].Value -eq $wantFanned)
block 1540be5f7a3456e9  # 8 identical lines: -GameDir $GameDir -LogPath $LogPath 6>&1 | ForEach-Object {
block b169254cdfdb48eb  # 8 identical lines: @{ Rects = $rects; Line = $line }
block f8f5b58f7ef503fa  # 8 identical lines: Assert-That 'the image free list never ran out' ([int]$m.Groups[5].Val
block c3e33152c31ddfb2  # 8 identical lines: Energy = [int]$m.Groups[10].Value
block d2cf0cd5ac458f3e  # 8 identical lines: New-Item -ItemType Directory -Path (Split-Path $LogPath -Parent) -Forc
block aa8a26be6a56cc2f  # 8 identical lines: [CmdletBinding()]
block c7705500b17f9e2a  # 8 identical lines: [ValidateSet('2', '3')][string]$WidescreenStage = '3',
block b6b33d1e42f66f96  # 8 identical lines: [switch]$Stage2,
block df15ae6d419bc0a7  # 8 identical lines: catch { Write-ScStepFailure $_ 'a probe step' }
block 3e54829fee3ccf5a  # 8 identical lines: if ($launchLock) { Exit-ScLaunchLock -Lock $launchLock; $launchLock = 
block d88814f1c3b054ba  # 8 identical lines: if (-not $gamePid) { throw "probe-framecap: could not parse the game p
block 2b97738cc86a206d  # 8 identical lines: if (-not $gamePid) { throw 'probe: could not parse the game pid from s
block 14c70206a22edb8e  # 8 identical lines: if (-not ('SCWin.Enum' -as [type])) {
block 5eaf1dd5dc44a2fe  # 8 identical lines: }
block 8537b8b29c690c3f  # 9 identical lines: $cy = $b.Y - $w.Screen.Top
block 78d78cf86e622f15  # 9 identical lines: $failures++
block cea392b73e2788d2  # 9 identical lines: $mapPath = Join-Path $mapDir $mapName
block 629045b6c9e0445d  # 9 identical lines: $mark = Get-ScLogLineCount -LogPath $LogPath
block 15bbe358f4d31689  # 9 identical lines: $markerPath = Join-Path (Split-Path $LogPath -Parent) 'marker.txt'
block af9a16a4d23e7de3  # 9 identical lines: $script:failures++
block 9b207e9a4c0ff900  # 9 identical lines: -InjectWindowedHelper WMode -NoLaunchLock -BuildDir $BuildDir `
block 8dc70b29ce0e52bc  # 9 identical lines: -OutputPath $mapPath 2>&1
block 945ad2caf3afeb07  # 9 identical lines: -UnitCount 1 -UnitType engineering-bay -Player 0 -ClearPlayerUnits `
block 56c82a894a2ccec4  # 9 identical lines: Assert-That 'nothing was refunded for a building that went away' ($ref
block 3feca71dae282647  # 9 identical lines: [string]$DecoyFolder = '00-t000',
block 4c96aa92e8d9bf92  # 9 identical lines: foreach ($l in $lines) {
block b6bb2d11b514f561  # 9 identical lines: if ($fixtures) {
block 45d01ef796e3dadf  # 9 identical lines: try { & (Join-Path $scriptDir 'close-game.ps1') -ProcessId $gamePid | 
block 889a59fea5ad1c4b  # 9 identical lines: }
