# check-reuse baseline for cpp -- what was already duplicated when the gate
# went in. One line per accepted finding. SHRINKING this file is the job;
# growing it needs a reason in the PR that grows it.
block 54dce077933441ae  # 6 identical lines: ScLog("PRODQSEL [%s] (no single building selected)", tag ? tag : "-");
block 63267be2adffd373  # 7 identical lines: "were spent in that game, not this one)");
block ec6c1aa3ad342725  # 9 identical lines: void ScProdQueueTestBegin(BYTE* fakeModuleBase, int maxTotal) {
